adr new First Decision
doc/adr/0001-first-decision.md
adr new -s 1 Second Decision
doc/adr/0002-second-decision.md
adr generate toc -p foo/doc/adr/
# Architecture Decision Records

* [~~1. First Decision~~](foo/doc/adr/0001-first-decision.md) _(Superceded by [2. Second Decision](foo/doc/adr/0002-second-decision.md))_
* [2. Second Decision](foo/doc/adr/0002-second-decision.md)
