adr list
The doc/adr directory does not exist
adr init docs madr
docs/0001-record-architecture-decisions.md
adr list
docs/0001-record-architecture-decisions.md
adr new first
docs/0002-first.md
adr list
docs/0001-record-architecture-decisions.md
docs/0002-first.md
adr new second
docs/0003-second.md
adr list
docs/0001-record-architecture-decisions.md
docs/0002-first.md
docs/0003-second.md
